2025-08-23 17:39:32,327 [INFO] 调用commond，路径: C:\Users\9512601\Desktop\smartTOOL\IPOソース参照\MAQR8700.ipo，程序ID: MAQR8700
2025-08-23 17:39:32,327 [INFO] 🔍 开始解析文件: MAQR8700.ipo
2025-08-23 17:39:32,327 [INFO] 📋 程序ID: MAQR8700
2025-08-23 17:39:32,328 [INFO] 📖 成功读取 15 行
2025-08-23 17:39:32,329 [INFO] 🎯 找到PROGRAM-ID: MAQR8700
2025-08-23 17:39:32,329 [INFO] 🎯 找到PROGRAM-NAME: ＡＣＰＮＩＳＡ口座登録予約受付データ作成（重複口座分）
2025-08-23 17:39:32,329 [INFO] 🎯 找到PATTERN-ID: UZ0Q01
2025-08-23 17:39:32,329 [INFO] ✅ 提取成功:
2025-08-23 17:39:32,330 [INFO]    PROGRAM-ID: MAQR8700
2025-08-23 17:39:32,330 [INFO]    PROGRAM-NAME: ＡＣＰＮＩＳＡ口座登録予約受付データ作成（重複口座分）
2025-08-23 17:39:32,330 [INFO]    PATTERN-ID: UZ0Q01
2025-08-23 17:39:32,331 [INFO] 返回数组: ['MAQR8700', 'ＡＣＰＮＩＳＡ口座登録予約受付データ作成（重複口座分）', 'UZ0Q01']
2025-08-23 17:51:10,761 [INFO] 调用commond，路径: C:\Users\9512601\Desktop\smartTOOL\IPOソース参照\MAQR8700.ipo，程序ID: MAQR8700
2025-08-23 17:51:10,780 [INFO] 🔍 开始解析文件: MAQR8700.ipo
2025-08-23 17:51:10,780 [INFO] 📋 程序ID: MAQR8700
2025-08-23 17:51:10,782 [INFO] 📖 成功读取 15 行
2025-08-23 17:51:10,782 [WARNING] ⚠️ 未找到PROGRAM-ID
2025-08-23 17:51:10,783 [WARNING] ⚠️ 未找到PROGRAM-NAME
2025-08-23 17:51:10,783 [WARNING] ⚠️ 未找到PATTERN-ID
2025-08-23 17:51:10,784 [INFO] ✅ 提取成功:
2025-08-23 17:51:10,784 [INFO]    PROGRAM-ID: 
2025-08-23 17:51:10,784 [INFO]    PROGRAM-NAME: 
2025-08-23 17:51:10,784 [INFO]    PATTERN-ID: 
2025-08-23 17:51:10,784 [INFO] 返回数组: ['', '', '']
2025-08-23 17:54:14,149 [INFO] 调用commond，路径: C:\Users\9512601\Desktop\smartTOOL\IPOソース参照\MAQR8700.ipo，程序ID: MAQR8700
2025-08-23 17:54:14,168 [INFO] 🔍 开始解析文件: MAQR8700.ipo
2025-08-23 17:54:14,168 [INFO] 📋 程序ID: MAQR8700
2025-08-23 17:54:14,170 [INFO] 📖 成功读取 15 行
2025-08-23 17:54:14,171 [WARNING] ⚠️ 未找到PROGRAM-ID
2025-08-23 17:54:14,171 [WARNING] ⚠️ 未找到PROGRAM-NAME
2025-08-23 17:54:14,172 [WARNING] ⚠️ 未找到PATTERN-ID
2025-08-23 17:54:14,172 [INFO] ✅ 提取成功:
2025-08-23 17:54:14,172 [INFO]    PROGRAM-ID: 
2025-08-23 17:54:14,172 [INFO]    PROGRAM-NAME: 
2025-08-23 17:54:14,172 [INFO]    PATTERN-ID: 
2025-08-23 17:54:14,172 [INFO] 返回数组: ['', '', '']
2025-08-23 17:56:30,209 [INFO] 调用commond，路径: C:\Users\9512601\Desktop\smartTOOL\IPOソース参照\MAQR8700.ipo，程序ID: MAQR8700
2025-08-23 17:56:30,228 [INFO] 🔍 开始解析文件: MAQR8700.ipo
2025-08-23 17:56:30,228 [INFO] 📋 程序ID: MAQR8700
2025-08-23 17:56:30,229 [INFO] 📖 成功读取 15 行
2025-08-23 17:56:30,231 [WARNING] ⚠️ 未找到PROGRAM-ID
2025-08-23 17:56:30,232 [WARNING] ⚠️ 未找到PROGRAM-NAME
2025-08-23 17:56:30,232 [WARNING] ⚠️ 未找到PATTERN-ID
2025-08-23 17:56:30,232 [INFO] ✅ 提取成功:
2025-08-23 17:56:30,232 [INFO]    PROGRAM-ID: 
2025-08-23 17:56:30,232 [INFO]    PROGRAM-NAME: 
2025-08-23 17:56:30,233 [INFO]    PATTERN-ID: 
2025-08-23 17:56:30,233 [INFO] 返回数组: ['', '', '']
2025-08-23 17:59:14,413 [INFO] 调用commond，路径: C:\Users\9512601\Desktop\smartTOOL\IPOソース参照\MAQR8700.ipo，程序ID: MAQR8700
2025-08-23 17:59:14,430 [INFO] 🔍 开始解析文件: MAQR8700.ipo
2025-08-23 17:59:14,430 [INFO] 📋 程序ID: MAQR8700
2025-08-23 17:59:14,431 [INFO] 📖 成功读取 15 行
2025-08-23 17:59:14,432 [INFO] 🎯 找到PROGRAM-ID: MAQR8700
2025-08-23 17:59:14,432 [ERROR] ❌ 提取失败: 'Token' object has no attribute 'children'
2025-08-23 17:59:14,432 [INFO] ❌ commond调用失败: 无法提取程序信息: 'Token' object has no attribute 'children'
2025-08-23 18:01:12,619 [INFO] 调用commond，路径: C:\Users\9512601\Desktop\smartTOOL\IPOソース参照\MAQR8700.ipo，程序ID: MAQR8700
2025-08-23 18:01:12,636 [INFO] 🔍 开始解析文件: MAQR8700.ipo
2025-08-23 18:01:12,636 [INFO] 📋 程序ID: MAQR8700
2025-08-23 18:01:12,638 [INFO] 📖 成功读取 15 行
2025-08-23 18:01:12,638 [INFO] 🎯 找到PROGRAM-ID: MAQR8700
2025-08-23 18:01:12,639 [ERROR] ❌ 提取失败: 'Token' object has no attribute 'children'
2025-08-23 18:01:12,639 [INFO] ❌ commond调用失败: 无法提取程序信息: 'Token' object has no attribute 'children'
2025-08-23 18:02:13,335 [INFO] 调用commond，路径: C:\Users\9512601\Desktop\smartTOOL\IPOソース参照\MAQR8700.ipo，程序ID: MAQR8700
2025-08-23 18:02:13,351 [INFO] 🔍 开始解析文件: MAQR8700.ipo
2025-08-23 18:02:13,351 [INFO] 📋 程序ID: MAQR8700
2025-08-23 18:02:13,352 [INFO] 📖 成功读取 15 行
2025-08-23 18:02:13,353 [INFO] 🎯 找到PROGRAM-ID: MAQR8700
2025-08-23 18:02:13,353 [ERROR] ❌ 提取失败: 'Token' object has no attribute 'children'
2025-08-23 18:02:13,353 [INFO] ❌ commond调用失败: 无法提取程序信息: 'Token' object has no attribute 'children'
2025-08-23 18:07:37,743 [INFO] 调用commond，路径: C:\Users\9512601\Desktop\smartTOOL\IPOソース参照\MAQR8700.ipo，程序ID: MAQR8700
2025-08-23 18:07:37,759 [INFO] 🔍 开始解析文件: MAQR8700.ipo
2025-08-23 18:07:37,760 [INFO] 📋 程序ID: MAQR8700
2025-08-23 18:07:37,761 [INFO] 📖 成功读取 15 行
2025-08-23 18:07:37,762 [INFO] 🎯 找到PROGRAM-ID: *  ***PROGRAM-ID        : MAQR8700
2025-08-23 18:07:37,762 [INFO] 🎯 找到PROGRAM-NAME: *  ***PROGRAM-NAME      : ＡＣＰＮＩＳＡ口座登録予約受付データ作成（重複口座分）
2025-08-23 18:07:37,763 [INFO] 🎯 找到PATTERN-ID: *  ***PATTERN-ID        : UZ0Q01
2025-08-23 18:07:37,763 [INFO] ✅ 提取成功:
2025-08-23 18:07:37,763 [INFO]    PROGRAM-ID: *  ***PROGRAM-ID        : MAQR8700
2025-08-23 18:07:37,763 [INFO]    PROGRAM-NAME: *  ***PROGRAM-NAME      : ＡＣＰＮＩＳＡ口座登録予約受付データ作成（重複口座分）
2025-08-23 18:07:37,763 [INFO]    PATTERN-ID: *  ***PATTERN-ID        : UZ0Q01
2025-08-23 18:07:37,763 [INFO] 返回数组: ['*  ***PROGRAM-ID        : MAQR8700', '*  ***PROGRAM-NAME      : ＡＣＰＮＩＳＡ口座登録予約受付データ作成（重複口座分）', '*  ***PATTERN-ID        : UZ0Q01']
2025-08-23 18:11:46,254 [INFO] 调用commond，路径: C:\Users\9512601\Desktop\smartTOOL\IPOソース参照\MAQR8700.ipo，程序ID: MAQR8700
2025-08-23 18:11:46,270 [INFO] 🔍 开始解析文件: MAQR8700.ipo
2025-08-23 18:11:46,270 [INFO] 📋 程序ID: MAQR8700
2025-08-23 18:11:46,271 [INFO] 📖 成功读取 15 行
2025-08-23 18:11:46,272 [WARNING] ⚠️ 未找到PROGRAM-ID
2025-08-23 18:11:46,272 [WARNING] ⚠️ 未找到PROGRAM-NAME
2025-08-23 18:11:46,273 [WARNING] ⚠️ 未找到PATTERN-ID
2025-08-23 18:11:46,273 [INFO] ✅ 提取成功:
2025-08-23 18:11:46,273 [INFO]    PROGRAM-ID: 
2025-08-23 18:11:46,273 [INFO]    PROGRAM-NAME: 
2025-08-23 18:11:46,273 [INFO]    PATTERN-ID: 
2025-08-23 18:11:46,273 [INFO] 返回数组: ['', '', '']
2025-08-23 18:13:39,698 [INFO] 调用commond，路径: C:\Users\9512601\Desktop\smartTOOL\IPOソース参照\MAQR8700.ipo，程序ID: MAQR8700
2025-08-23 18:13:39,716 [INFO] 🔍 开始解析文件: MAQR8700.ipo
2025-08-23 18:13:39,716 [INFO] 📋 程序ID: MAQR8700
2025-08-23 18:13:39,717 [INFO] 📖 成功读取 15 行
2025-08-23 18:13:39,717 [INFO] 🎯 找到PROGRAM-ID: MAQR8700
2025-08-23 18:13:39,717 [INFO] 🎯 找到PROGRAM-NAME: ＡＣＰＮＩＳＡ口座登録予約受付データ作成（重複口座分）
2025-08-23 18:13:39,718 [INFO] 🎯 找到PATTERN-ID: UZ0Q01
2025-08-23 18:13:39,718 [INFO] ✅ 提取成功:
2025-08-23 18:13:39,718 [INFO]    PROGRAM-ID: MAQR8700
2025-08-23 18:13:39,718 [INFO]    PROGRAM-NAME: ＡＣＰＮＩＳＡ口座登録予約受付データ作成（重複口座分）
2025-08-23 18:13:39,718 [INFO]    PATTERN-ID: UZ0Q01
2025-08-23 18:13:39,718 [INFO] 返回数组: ['MAQR8700', 'ＡＣＰＮＩＳＡ口座登録予約受付データ作成（重複口座分）', 'UZ0Q01']
2025-08-24 11:36:02,413 [INFO] 🔍 开始解析文件: MAQR8700.ipo
2025-08-24 11:36:02,414 [INFO] 📋 程序ID: MAQR8700
2025-08-24 11:36:02,415 [INFO] 📖 成功读取 15 行
2025-08-24 11:36:02,416 [INFO] 🎯 找到PROGRAM-ID: MAQR8700
2025-08-24 11:36:02,416 [INFO] 🎯 找到PROGRAM-NAME: ＡＣＰＮＩＳＡ口座登録予約受付データ作成（重複口座分）
2025-08-24 11:36:02,416 [INFO] 🎯 找到PATTERN-ID: UZ0Q01
2025-08-24 11:36:02,416 [INFO] ✅ 提取成功:
2025-08-24 11:36:02,416 [INFO]    PROGRAM-ID: MAQR8700
2025-08-24 11:36:02,416 [INFO]    PROGRAM-NAME: ＡＣＰＮＩＳＡ口座登録予約受付データ作成（重複口座分）
2025-08-24 11:36:02,416 [INFO]    PATTERN-ID: UZ0Q01
2025-08-24 11:40:29,755 [INFO] 🔍 开始解析文件: MAQR8700.ipo
2025-08-24 11:40:29,755 [INFO] 📋 程序ID: MAQR8700
2025-08-24 11:40:29,757 [INFO] 📖 成功读取 15 行
2025-08-24 11:40:29,757 [INFO] 🎯 找到PROGRAM-ID: MAQR8700
2025-08-24 11:40:29,757 [INFO] 🎯 找到PROGRAM-NAME: ＡＣＰＮＩＳＡ口座登録予約受付データ作成（重複口座分）
2025-08-24 11:40:29,757 [INFO] 🎯 找到PATTERN-ID: UZ0Q01
2025-08-24 11:40:29,757 [INFO] ✅ 提取成功:
2025-08-24 11:40:29,757 [INFO]    PROGRAM-ID: MAQR8700
2025-08-24 11:40:29,757 [INFO]    PROGRAM-NAME: ＡＣＰＮＩＳＡ口座登録予約受付データ作成（重複口座分）
2025-08-24 11:40:29,757 [INFO]    PATTERN-ID: UZ0Q01
2025-08-24 11:42:25,658 [INFO] 🔍 开始解析文件: MAQR5600.ipo
2025-08-24 11:42:25,658 [INFO] 📋 程序ID: MAQR5600
2025-08-24 11:42:25,675 [INFO] 📖 成功读取 15 行
2025-08-24 11:42:25,675 [INFO] 🎯 找到PROGRAM-ID: MAQR5600
2025-08-24 11:42:25,675 [INFO] 🎯 找到PROGRAM-NAME: ＡＣＰ提携ＮＩＳＡ口座移管更新Ｃ／Ｃデータ作成
2025-08-24 11:42:25,675 [INFO] 🎯 找到PATTERN-ID: UZ0Q06
2025-08-24 11:42:25,675 [INFO] ✅ 提取成功:
2025-08-24 11:42:25,675 [INFO]    PROGRAM-ID: MAQR5600
2025-08-24 11:42:25,675 [INFO]    PROGRAM-NAME: ＡＣＰ提携ＮＩＳＡ口座移管更新Ｃ／Ｃデータ作成
2025-08-24 11:42:25,675 [INFO]    PATTERN-ID: UZ0Q06
2025-08-24 11:43:32,398 [INFO] 🔍 开始解析文件: MAQR5600.ipo
2025-08-24 11:43:32,398 [INFO] 📋 程序ID: MAQR5600
2025-08-24 11:43:32,400 [INFO] 📖 成功读取 15 行
2025-08-24 11:43:32,400 [INFO] 🎯 找到PROGRAM-ID: MAQR5600
2025-08-24 11:43:32,400 [INFO] 🎯 找到PROGRAM-NAME: ＡＣＰ提携ＮＩＳＡ口座移管更新Ｃ／Ｃデータ作成
2025-08-24 11:43:32,400 [INFO] 🎯 找到PATTERN-ID: UZ0Q06
2025-08-24 11:43:32,400 [INFO] ✅ 提取成功:
2025-08-24 11:43:32,400 [INFO]    PROGRAM-ID: MAQR5600
2025-08-24 11:43:32,400 [INFO]    PROGRAM-NAME: ＡＣＰ提携ＮＩＳＡ口座移管更新Ｃ／Ｃデータ作成
2025-08-24 11:43:32,400 [INFO]    PATTERN-ID: UZ0Q06
2025-08-24 14:08:02,844 [INFO] 🔍 开始解析文件: MAQR5600.ipo
2025-08-24 14:08:02,847 [INFO] 📋 程序ID: MAQR5600
2025-08-24 14:08:02,872 [INFO] 📖 成功读取 15 行
2025-08-24 14:08:02,872 [INFO] 🎯 找到PROGRAM-ID: MAQR5600
2025-08-24 14:08:02,873 [INFO] 🎯 找到PROGRAM-NAME: ＡＣＰ提携ＮＩＳＡ口座移管更新Ｃ／Ｃデータ作成
2025-08-24 14:08:02,873 [INFO] 🎯 找到PATTERN-ID: UZ0Q06
2025-08-24 14:08:02,873 [INFO] ✅ 提取成功:
2025-08-24 14:08:02,873 [INFO]    PROGRAM-ID: MAQR5600
2025-08-24 14:08:02,873 [INFO]    PROGRAM-NAME: ＡＣＰ提携ＮＩＳＡ口座移管更新Ｃ／Ｃデータ作成
2025-08-24 14:08:02,873 [INFO]    PATTERN-ID: UZ0Q06
2025-08-24 14:09:31,020 [INFO] 🔍 开始解析文件: MAQR5600.ipo
2025-08-24 14:09:31,020 [INFO] 📋 程序ID: MAQR5600
2025-08-24 14:09:31,022 [INFO] 📖 成功读取 15 行
2025-08-24 14:09:31,022 [INFO] 🎯 找到PROGRAM-ID: MAQR5600
2025-08-24 14:09:31,022 [INFO] 🎯 找到PROGRAM-NAME: ＡＣＰ提携ＮＩＳＡ口座移管更新Ｃ／Ｃデータ作成
2025-08-24 14:09:31,022 [INFO] 🎯 找到PATTERN-ID: UZ0Q06
2025-08-24 14:09:31,022 [INFO] ✅ 提取成功:
2025-08-24 14:09:31,022 [INFO]    PROGRAM-ID: MAQR5600
2025-08-24 14:09:31,022 [INFO]    PROGRAM-NAME: ＡＣＰ提携ＮＩＳＡ口座移管更新Ｃ／Ｃデータ作成
2025-08-24 14:09:31,022 [INFO]    PATTERN-ID: UZ0Q06
2025-08-24 14:09:34,704 [INFO] 🔍 开始解析文件: MAQR5600.ipo
2025-08-24 14:09:34,704 [INFO] 📋 程序ID: MAQR5600
2025-08-24 14:09:34,706 [INFO] 📖 成功读取 15 行
2025-08-24 14:09:34,706 [INFO] 🎯 找到PROGRAM-ID: MAQR5600
2025-08-24 14:09:34,706 [INFO] 🎯 找到PROGRAM-NAME: ＡＣＰ提携ＮＩＳＡ口座移管更新Ｃ／Ｃデータ作成
2025-08-24 14:09:34,706 [INFO] 🎯 找到PATTERN-ID: UZ0Q06
2025-08-24 14:09:34,706 [INFO] ✅ 提取成功:
2025-08-24 14:09:34,706 [INFO]    PROGRAM-ID: MAQR5600
2025-08-24 14:09:34,706 [INFO]    PROGRAM-NAME: ＡＣＰ提携ＮＩＳＡ口座移管更新Ｃ／Ｃデータ作成
2025-08-24 14:09:34,706 [INFO]    PATTERN-ID: UZ0Q06
2025-08-24 14:12:31,034 [INFO] 🔍 开始解析文件: MAQR5600.ipo
2025-08-24 14:12:31,034 [INFO] 📋 程序ID: MAQR5600
2025-08-24 14:12:31,036 [INFO] 📖 成功读取 15 行
2025-08-24 14:12:31,036 [INFO] 🎯 找到PROGRAM-ID: MAQR5600
2025-08-24 14:12:31,036 [INFO] 🎯 找到PROGRAM-NAME: ＡＣＰ提携ＮＩＳＡ口座移管更新Ｃ／Ｃデータ作成
2025-08-24 14:12:31,036 [INFO] 🎯 找到PATTERN-ID: UZ0Q06
2025-08-24 14:12:31,036 [INFO] ✅ 提取成功:
2025-08-24 14:12:31,036 [INFO]    PROGRAM-ID: MAQR5600
2025-08-24 14:12:31,036 [INFO]    PROGRAM-NAME: ＡＣＰ提携ＮＩＳＡ口座移管更新Ｃ／Ｃデータ作成
2025-08-24 14:12:31,036 [INFO]    PATTERN-ID: UZ0Q06
2025-08-24 14:16:35,060 [INFO] 🔍 开始解析文件: MAQR5600.ipo
2025-08-24 14:16:35,060 [INFO] 📋 程序ID: MAQR5600
2025-08-24 14:16:35,062 [INFO] 📖 成功读取 15 行
2025-08-24 14:16:35,062 [INFO] 🎯 找到PROGRAM-ID: MAQR5600
2025-08-24 14:16:35,062 [INFO] 🎯 找到PROGRAM-NAME: ＡＣＰ提携ＮＩＳＡ口座移管更新Ｃ／Ｃデータ作成
2025-08-24 14:16:35,062 [INFO] 🎯 找到PATTERN-ID: UZ0Q06
2025-08-24 14:16:35,062 [INFO] ✅ 提取成功:
2025-08-24 14:16:35,062 [INFO]    PROGRAM-ID: MAQR5600
2025-08-24 14:16:35,062 [INFO]    PROGRAM-NAME: ＡＣＰ提携ＮＩＳＡ口座移管更新Ｃ／Ｃデータ作成
2025-08-24 14:16:35,062 [INFO]    PATTERN-ID: UZ0Q06
2025-08-24 14:18:15,095 [INFO] 🔍 开始解析文件: MAQR5600.ipo
2025-08-24 14:18:15,095 [INFO] 📋 程序ID: MAQR5600
2025-08-24 14:18:15,097 [INFO] 📖 成功读取 15 行
2025-08-24 14:18:15,097 [INFO] 🎯 找到PROGRAM-ID: MAQR5600
2025-08-24 14:18:15,097 [INFO] 🎯 找到PROGRAM-NAME: ＡＣＰ提携ＮＩＳＡ口座移管更新Ｃ／Ｃデータ作成
2025-08-24 14:18:15,097 [INFO] 🎯 找到PATTERN-ID: UZ0Q06
2025-08-24 14:18:15,097 [INFO] ✅ 提取成功:
2025-08-24 14:18:15,097 [INFO]    PROGRAM-ID: MAQR5600
2025-08-24 14:18:15,097 [INFO]    PROGRAM-NAME: ＡＣＰ提携ＮＩＳＡ口座移管更新Ｃ／Ｃデータ作成
2025-08-24 14:18:15,098 [INFO]    PATTERN-ID: UZ0Q06
2025-08-24 14:19:46,165 [INFO] 🔍 开始解析文件: MAQR5600.ipo
2025-08-24 14:19:46,165 [INFO] 📋 程序ID: MAQR5600
2025-08-24 14:19:46,167 [INFO] 📖 成功读取 15 行
2025-08-24 14:19:46,168 [INFO] 🎯 找到PROGRAM-ID: MAQR5600
2025-08-24 14:19:46,168 [INFO] 🎯 找到PROGRAM-NAME: ＡＣＰ提携ＮＩＳＡ口座移管更新Ｃ／Ｃデータ作成
2025-08-24 14:19:46,168 [INFO] 🎯 找到PATTERN-ID: UZ0Q06
2025-08-24 14:19:46,168 [INFO] ✅ 提取成功:
2025-08-24 14:19:46,168 [INFO]    PROGRAM-ID: MAQR5600
2025-08-24 14:19:46,168 [INFO]    PROGRAM-NAME: ＡＣＰ提携ＮＩＳＡ口座移管更新Ｃ／Ｃデータ作成
2025-08-24 14:19:46,168 [INFO]    PATTERN-ID: UZ0Q06
2025-08-24 14:24:03,382 [INFO] 🔍 开始解析文件: MAQR5600.ipo
2025-08-24 14:24:03,382 [INFO] 📋 程序ID: MAQR5600
2025-08-24 14:24:03,384 [INFO] 📖 成功读取 15 行
2025-08-24 14:24:03,384 [INFO] 🎯 找到PROGRAM-ID: MAQR5600
2025-08-24 14:24:03,384 [INFO] 🎯 找到PROGRAM-NAME: ＡＣＰ提携ＮＩＳＡ口座移管更新Ｃ／Ｃデータ作成
2025-08-24 14:24:03,384 [INFO] 🎯 找到PATTERN-ID: UZ0Q06
2025-08-24 14:24:03,384 [INFO] ✅ 提取成功:
2025-08-24 14:24:03,384 [INFO]    PROGRAM-ID: MAQR5600
2025-08-24 14:24:03,384 [INFO]    PROGRAM-NAME: ＡＣＰ提携ＮＩＳＡ口座移管更新Ｃ／Ｃデータ作成
2025-08-24 14:24:03,384 [INFO]    PATTERN-ID: UZ0Q06
2025-08-24 14:48:10,317 [INFO] 🔍 开始解析文件: MAQR5600.ipo
2025-08-24 14:48:10,317 [INFO] 📋 程序ID: MAQR5600
2025-08-24 14:48:10,319 [INFO] 📖 成功读取 15 行
2025-08-24 14:48:10,319 [INFO] 🎯 找到PROGRAM-ID: MAQR5600
2025-08-24 14:48:10,319 [INFO] 🎯 找到PROGRAM-NAME: ＡＣＰ提携ＮＩＳＡ口座移管更新Ｃ／Ｃデータ作成
2025-08-24 14:48:10,319 [INFO] 🎯 找到PATTERN-ID: UZ0Q06
2025-08-24 14:48:10,319 [INFO] ✅ 提取成功:
2025-08-24 14:48:10,319 [INFO]    PROGRAM-ID: MAQR5600
2025-08-24 14:48:10,319 [INFO]    PROGRAM-NAME: ＡＣＰ提携ＮＩＳＡ口座移管更新Ｃ／Ｃデータ作成
2025-08-24 14:48:10,319 [INFO]    PATTERN-ID: UZ0Q06
2025-08-24 14:50:16,996 [INFO] 🔍 开始解析文件: MAQR5600.ipo
2025-08-24 14:50:16,996 [INFO] 📋 程序ID: MAQR5600
2025-08-24 14:50:16,998 [INFO] 📖 成功读取 15 行
2025-08-24 14:50:16,998 [INFO] 🎯 找到PROGRAM-ID: MAQR5600
2025-08-24 14:50:16,998 [INFO] 🎯 找到PROGRAM-NAME: ＡＣＰ提携ＮＩＳＡ口座移管更新Ｃ／Ｃデータ作成
2025-08-24 14:50:16,998 [INFO] 🎯 找到PATTERN-ID: UZ0Q06
2025-08-24 14:50:16,998 [INFO] ✅ 提取成功:
2025-08-24 14:50:16,998 [INFO]    PROGRAM-ID: MAQR5600
2025-08-24 14:50:16,998 [INFO]    PROGRAM-NAME: ＡＣＰ提携ＮＩＳＡ口座移管更新Ｃ／Ｃデータ作成
2025-08-24 14:50:16,998 [INFO]    PATTERN-ID: UZ0Q06
2025-08-24 16:25:25,644 [INFO] 🔍 开始解析文件: MAQR5600.ipo
2025-08-24 16:25:25,645 [INFO] 📋 程序ID: MAQR5600
2025-08-24 16:25:25,660 [INFO] 📖 成功读取 15 行
2025-08-24 16:25:25,660 [INFO] 🎯 找到PROGRAM-ID: MAQR5600
2025-08-24 16:25:25,660 [INFO] 🎯 找到PROGRAM-NAME: ＡＣＰ提携ＮＩＳＡ口座移管更新Ｃ／Ｃデータ作成
2025-08-24 16:25:25,660 [INFO] 🎯 找到PATTERN-ID: UZ0Q06
2025-08-24 16:25:25,660 [INFO] ✅ 提取成功:
2025-08-24 16:25:25,660 [INFO]    PROGRAM-ID: MAQR5600
2025-08-24 16:25:25,660 [INFO]    PROGRAM-NAME: ＡＣＰ提携ＮＩＳＡ口座移管更新Ｃ／Ｃデータ作成
2025-08-24 16:25:25,660 [INFO]    PATTERN-ID: UZ0Q06
